Host: ellis-compute-01.cs.cornell.edu
SLURM_JOB_PARTITION=ellis
CUDA_VISIBLE_DEVICES=0
Python: /home/wjl86/miniconda3/bin/python
NVIDIA GeForce RTX 3090, 24576 MiB
Start: Sat Jul  4 10:19:59 PM EDT 2026
wandb: [wandb.login()] Loaded credentials for https://api.wandb.ai from WANDB_API_KEY.
wandb: Currently logged in as: wjl86 (wjl86-cornell-university) to https://api.wandb.ai. Use `wandb login --relogin` to force relogin
wandb: Tracking run with wandb version 0.27.2
wandb: Run data is saved locally in run_nodummy/wandb/run-20260704_222013-15m22gwc
wandb: Run `wandb offline` to turn off syncing.
wandb: Syncing run run_nodummy
wandb: ⭐️ View project at https://wandb.ai/wjl86-cornell-university/anticipation-asap
wandb: 🚀 View run at https://wandb.ai/wjl86-cornell-university/anticipation-asap/runs/15m22gwc
[ok] CUDA is available with 1 device(s)
  Device 0: NVIDIA GeForce RTX 3090
    - Total memory: 23.57 GB
    - CUDA capability: 8.6
Using device: cuda
PyTorch version: 2.11.0+cu128
CUDA version: 12.8
Per-rank effective batch size: 32
Final device confirmation: cuda
Mixed precision mode: bf16
Distributed setup: type=DistributedType.NO, world_size=1, rank=0, local_rank=0, device=cuda
Global effective batch size: 32
Initial GPU memory stats:
GPU 0 memory allocated: 0.00 MB
GPU 0 memory reserved: 0.00 MB
GPU 0 max memory allocated: 0.00 MB
Loading training dataset from data/train_normalized.txt...
Scanning data/train_normalized.txt for line offsets...
Found 2665421 sequences
Tokenization format validated (triplet-aligned, no header tokens)
Sequence length: 1020
  Training mode: onset_jitter_std=0.05 (controls in input only), dur_jitter_range=0.05 (controls in input only), score_mask_ratio=0.0, transpose_range=12, tempo_scale_range=0.2, loss_mask_performance_tokens=False
Loading validation dataset from data/test_normalized.txt...
Scanning data/test_normalized.txt for line offsets...
Found 335012 sequences
Tokenization format validated (triplet-aligned, no header tokens)
Sequence length: 1020
  Validation mode: no augmentation, loss_mask_performance_tokens=False
Loading model stanford-crfm/music-medium-800k...
Model vocabulary size matches tokenization (55028)
GPU memory after loading model:
GPU 0 memory allocated: 0.00 MB
GPU 0 memory reserved: 0.00 MB
GPU 0 max memory allocated: 0.00 MB
After accelerator preparation, model device: cuda:0
Warning: The cache directory for DeepSpeed Triton autotune, /home/wjl86/.triton/autotune, appears to be on an NFS system. While this is generally acceptable, if you experience slowdowns or hanging when DeepSpeed exits, it is recommended to set the TRITON_CACHE_DIR environment variable to a non-NFS path.
Original-weight L2 regularization enabled: lambda=100000.0, 292 tensors, 359,708,672 parameters, ~1372.2 MiB snapshot.
GPU memory before training:
GPU 0 memory allocated: 2768.37 MB
GPU 0 memory reserved: 2772.00 MB
GPU 0 max memory allocated: 2768.37 MB
Clearing CUDA cache before training on cuda
Starting training...
Training:   0%|          | 0/20000 [00:00<?, ?it/s]`loss_type=None` was set in the config but it is unrecognized. Using the default loss: `ForCausalLMLoss`.
Training:   0%|          | 0/20000 [00:01<?, ?it/s]
wandb: updating run metadata
wandb: uploading output.log; uploading wandb-summary.json; uploading config.yaml
wandb: 🚀 View run run_nodummy at: https://wandb.ai/wjl86-cornell-university/anticipation-asap/runs/15m22gwc
wandb: ⭐️ View project at: https://wandb.ai/wjl86-cornell-university/anticipation-asap
wandb: Synced 5 W&B file(s), 0 media file(s), 0 artifact file(s) and 0 other file(s)
wandb: Find logs at: run_nodummy/wandb/run-20260704_222013-15m22gwc/logs
CUDA OOM error! Current batch size: 8
Current memory usage:
GPU 0 memory allocated: 22646.87 MB
GPU 0 memory reserved: 22788.00 MB
GPU 0 max memory allocated: 22647.30 MB
Consider reducing batch size or model size.
Error details: CUDA out of memory. Tried to allocate 1.67 GiB. GPU 0 has a total capacity of 23.57 GiB of which 1.00 GiB is free. Including non-PyTorch memory, this process has 22.56 GiB memory in use. Of the allocated memory 22.12 GiB is allocated by PyTorch, and 140.70 MiB is reserved by PyTorch but unallocated. If reserved but unallocated memory is large try setting PYTORCH_CUDA_ALLOC_CONF=expandable_segments:True to avoid fragmentation.  See documentation for Memory Management  (https://docs.pytorch.org/docs/stable/notes/cuda.html#optimizing-memory-usage-with-pytorch-cuda-alloc-conf)
Error during training: CUDA out of memory. Tried to allocate 1.67 GiB. GPU 0 has a total capacity of 23.57 GiB of which 1.00 GiB is free. Including non-PyTorch memory, this process has 22.56 GiB memory in use. Of the allocated memory 22.12 GiB is allocated by PyTorch, and 140.70 MiB is reserved by PyTorch but unallocated. If reserved but unallocated memory is large try setting PYTORCH_CUDA_ALLOC_CONF=expandable_segments:True to avoid fragmentation.  See documentation for Memory Management  (https://docs.pytorch.org/docs/stable/notes/cuda.html#optimizing-memory-usage-with-pytorch-cuda-alloc-conf)
Traceback (most recent call last):
  File "/home/wjl86/anticipation3/train.py", line 1478, in main
    outputs = forward_batch(model, batch)
  File "/home/wjl86/anticipation3/train.py", line 577, in forward_batch
    return model(input_ids=input_ids, attention_mask=attention_mask, labels=labels)
  File "/home/wjl86/miniconda3/lib/python3.13/site-packages/torch/nn/modules/module.py", line 1779, in _wrapped_call_impl
    return self._call_impl(*args, **kwargs)
           ~~~~~~~~~~~~~~~^^^^^^^^^^^^^^^^^
  File "/home/wjl86/miniconda3/lib/python3.13/site-packages/torch/nn/modules/module.py", line 1790, in _call_impl
    return forward_call(*args, **kwargs)
  File "/home/wjl86/miniconda3/lib/python3.13/site-packages/accelerate/utils/operations.py", line 818, in forward
    return model_forward(*args, **kwargs)
  File "/home/wjl86/miniconda3/lib/python3.13/site-packages/accelerate/utils/operations.py", line 806, in __call__
    return convert_to_fp32(self.model_forward(*args, **kwargs))
                           ~~~~~~~~~~~~~~~~~~^^^^^^^^^^^^^^^^^
  File "/home/wjl86/miniconda3/lib/python3.13/site-packages/torch/amp/autocast_mode.py", line 44, in decorate_autocast
    return func(*args, **kwargs)
  File "/home/wjl86/miniconda3/lib/python3.13/site-packages/transformers/models/gpt2/modeling_gpt2.py", line 1099, in forward
    loss = self.loss_function(
        logits,
    ...<2 lines>...
        **kwargs,
    )
  File "/home/wjl86/miniconda3/lib/python3.13/site-packages/transformers/loss/loss_utils.py", line 67, in ForCausalLMLoss
    loss = fixed_cross_entropy(logits, shift_labels, num_items_in_batch, ignore_index, **kwargs)
  File "/home/wjl86/miniconda3/lib/python3.13/site-packages/transformers/loss/loss_utils.py", line 36, in fixed_cross_entropy
    loss = nn.functional.cross_entropy(source, target, ignore_index=ignore_index, reduction=reduction)
  File "/home/wjl86/miniconda3/lib/python3.13/site-packages/torch/nn/functional.py", line 3504, in cross_entropy
    return torch._C._nn.cross_entropy_loss(
           ~~~~~~~~~~~~~~~~~~~~~~~~~~~~~~~^
        input,
        ^^^^^^
    ...<5 lines>...
        label_smoothing,
        ^^^^^^^^^^^^^^^^
    )
    ^
torch.OutOfMemoryError: CUDA out of memory. Tried to allocate 1.67 GiB. GPU 0 has a total capacity of 23.57 GiB of which 1.00 GiB is free. Including non-PyTorch memory, this process has 22.56 GiB memory in use. Of the allocated memory 22.12 GiB is allocated by PyTorch, and 140.70 MiB is reserved by PyTorch but unallocated. If reserved but unallocated memory is large try setting PYTORCH_CUDA_ALLOC_CONF=expandable_segments:True to avoid fragmentation.  See documentation for Memory Management  (https://docs.pytorch.org/docs/stable/notes/cuda.html#optimizing-memory-usage-with-pytorch-cuda-alloc-conf)

Skipping final validation/save because training exited with an error.
Error in setup: CUDA out of memory. Tried to allocate 1.67 GiB. GPU 0 has a total capacity of 23.57 GiB of which 1.00 GiB is free. Including non-PyTorch memory, this process has 22.56 GiB memory in use. Of the allocated memory 22.12 GiB is allocated by PyTorch, and 140.70 MiB is reserved by PyTorch but unallocated. If reserved but unallocated memory is large try setting PYTORCH_CUDA_ALLOC_CONF=expandable_segments:True to avoid fragmentation.  See documentation for Memory Management  (https://docs.pytorch.org/docs/stable/notes/cuda.html#optimizing-memory-usage-with-pytorch-cuda-alloc-conf)
Traceback (most recent call last):
  File "/home/wjl86/anticipation3/train.py", line 1478, in main
    outputs = forward_batch(model, batch)
  File "/home/wjl86/anticipation3/train.py", line 577, in forward_batch
    return model(input_ids=input_ids, attention_mask=attention_mask, labels=labels)
  File "/home/wjl86/miniconda3/lib/python3.13/site-packages/torch/nn/modules/module.py", line 1779, in _wrapped_call_impl
    return self._call_impl(*args, **kwargs)
           ~~~~~~~~~~~~~~~^^^^^^^^^^^^^^^^^
  File "/home/wjl86/miniconda3/lib/python3.13/site-packages/torch/nn/modules/module.py", line 1790, in _call_impl
    return forward_call(*args, **kwargs)
  File "/home/wjl86/miniconda3/lib/python3.13/site-packages/accelerate/utils/operations.py", line 818, in forward
    return model_forward(*args, **kwargs)
  File "/home/wjl86/miniconda3/lib/python3.13/site-packages/accelerate/utils/operations.py", line 806, in __call__
    return convert_to_fp32(self.model_forward(*args, **kwargs))
                           ~~~~~~~~~~~~~~~~~~^^^^^^^^^^^^^^^^^
  File "/home/wjl86/miniconda3/lib/python3.13/site-packages/torch/amp/autocast_mode.py", line 44, in decorate_autocast
    return func(*args, **kwargs)
  File "/home/wjl86/miniconda3/lib/python3.13/site-packages/transformers/models/gpt2/modeling_gpt2.py", line 1099, in forward
    loss = self.loss_function(
        logits,
    ...<2 lines>...
        **kwargs,
    )
  File "/home/wjl86/miniconda3/lib/python3.13/site-packages/transformers/loss/loss_utils.py", line 67, in ForCausalLMLoss
    loss = fixed_cross_entropy(logits, shift_labels, num_items_in_batch, ignore_index, **kwargs)
  File "/home/wjl86/miniconda3/lib/python3.13/site-packages/transformers/loss/loss_utils.py", line 36, in fixed_cross_entropy
    loss = nn.functional.cross_entropy(source, target, ignore_index=ignore_index, reduction=reduction)
  File "/home/wjl86/miniconda3/lib/python3.13/site-packages/torch/nn/functional.py", line 3504, in cross_entropy
    return torch._C._nn.cross_entropy_loss(
           ~~~~~~~~~~~~~~~~~~~~~~~~~~~~~~~^
        input,
        ^^^^^^
    ...<5 lines>...
        label_smoothing,
        ^^^^^^^^^^^^^^^^
    )
    ^
torch.OutOfMemoryError: CUDA out of memory. Tried to allocate 1.67 GiB. GPU 0 has a total capacity of 23.57 GiB of which 1.00 GiB is free. Including non-PyTorch memory, this process has 22.56 GiB memory in use. Of the allocated memory 22.12 GiB is allocated by PyTorch, and 140.70 MiB is reserved by PyTorch but unallocated. If reserved but unallocated memory is large try setting PYTORCH_CUDA_ALLOC_CONF=expandable_segments:True to avoid fragmentation.  See documentation for Memory Management  (https://docs.pytorch.org/docs/stable/notes/cuda.html#optimizing-memory-usage-with-pytorch-cuda-alloc-conf)

Traceback (most recent call last):
  File "/home/wjl86/anticipation3/train.py", line 1682, in <module>
    main()
    ~~~~^^
  File "/home/wjl86/anticipation3/train.py", line 1478, in main
    outputs = forward_batch(model, batch)
  File "/home/wjl86/anticipation3/train.py", line 577, in forward_batch
    return model(input_ids=input_ids, attention_mask=attention_mask, labels=labels)
  File "/home/wjl86/miniconda3/lib/python3.13/site-packages/torch/nn/modules/module.py", line 1779, in _wrapped_call_impl
    return self._call_impl(*args, **kwargs)
           ~~~~~~~~~~~~~~~^^^^^^^^^^^^^^^^^
  File "/home/wjl86/miniconda3/lib/python3.13/site-packages/torch/nn/modules/module.py", line 1790, in _call_impl
    return forward_call(*args, **kwargs)
  File "/home/wjl86/miniconda3/lib/python3.13/site-packages/accelerate/utils/operations.py", line 818, in forward
    return model_forward(*args, **kwargs)
  File "/home/wjl86/miniconda3/lib/python3.13/site-packages/accelerate/utils/operations.py", line 806, in __call__
    return convert_to_fp32(self.model_forward(*args, **kwargs))
                           ~~~~~~~~~~~~~~~~~~^^^^^^^^^^^^^^^^^
  File "/home/wjl86/miniconda3/lib/python3.13/site-packages/torch/amp/autocast_mode.py", line 44, in decorate_autocast
    return func(*args, **kwargs)
  File "/home/wjl86/miniconda3/lib/python3.13/site-packages/transformers/models/gpt2/modeling_gpt2.py", line 1099, in forward
    loss = self.loss_function(
        logits,
    ...<2 lines>...
        **kwargs,
    )
  File "/home/wjl86/miniconda3/lib/python3.13/site-packages/transformers/loss/loss_utils.py", line 67, in ForCausalLMLoss
    loss = fixed_cross_entropy(logits, shift_labels, num_items_in_batch, ignore_index, **kwargs)
  File "/home/wjl86/miniconda3/lib/python3.13/site-packages/transformers/loss/loss_utils.py", line 36, in fixed_cross_entropy
    loss = nn.functional.cross_entropy(source, target, ignore_index=ignore_index, reduction=reduction)
  File "/home/wjl86/miniconda3/lib/python3.13/site-packages/torch/nn/functional.py", line 3504, in cross_entropy
    return torch._C._nn.cross_entropy_loss(
           ~~~~~~~~~~~~~~~~~~~~~~~~~~~~~~~^
        input,
        ^^^^^^
    ...<5 lines>...
        label_smoothing,
        ^^^^^^^^^^^^^^^^
    )
    ^
torch.OutOfMemoryError: CUDA out of memory. Tried to allocate 1.67 GiB. GPU 0 has a total capacity of 23.57 GiB of which 1.00 GiB is free. Including non-PyTorch memory, this process has 22.56 GiB memory in use. Of the allocated memory 22.12 GiB is allocated by PyTorch, and 140.70 MiB is reserved by PyTorch but unallocated. If reserved but unallocated memory is large try setting PYTORCH_CUDA_ALLOC_CONF=expandable_segments:True to avoid fragmentation.  See documentation for Memory Management  (https://docs.pytorch.org/docs/stable/notes/cuda.html#optimizing-memory-usage-with-pytorch-cuda-alloc-conf)
