Host: nlplarge-compute-01.tech.cornell.edu
Checkpoint: run_nodummy/final  Test file: data/test_normalized.txt  Output: visualizer/data.js
Start: Sun Jul  5 05:12:38 AM EDT 2026
Passing a tuple of `past_key_values` is deprecated and will be removed in Transformers v4.53.0. You should pass an instance of `Cache` instead, e.g. `past_key_values=DynamicCache.from_legacy_cache(past_key_values)`.
Loading model from run_nodummy/final...
  Model loaded on cuda
Sampled 8 of 335012 validation windows (seed=17)
  computing window 1277...
    170 perf notes, 138 real GT score notes, 138 branch points
  computing window 17384...
    170 perf notes, 138 real GT score notes, 138 branch points
  computing window 63753...
    170 perf notes, 138 real GT score notes, 138 branch points
  computing window 84460...
    170 perf notes, 138 real GT score notes, 138 branch points
  computing window 85010...
    170 perf notes, 138 real GT score notes, 138 branch points
  computing window 147130...
    170 perf notes, 138 real GT score notes, 138 branch points
  computing window 277977...
    170 perf notes, 138 real GT score notes, 138 branch points
  computing window 291731...
    170 perf notes, 138 real GT score notes, 138 branch points
Wrote visualizer/data.js and visualizer/data.json
End: Sun Jul  5 05:17:17 AM EDT 2026
